// Jest Snapshot v1, https://goo.gl/fbAQLP

exports[`Paginator Component Render default 1`] = `null`;

exports[`Paginator Component Render with props 1`] = `
<div
  className="paginator"
>
  <button
    className="paginator__item paginator__item--disabled"
    disabled={true}
    id="paginator-previous"
    onClick={[Function]}
    type="button"
  >
    Previous
  </button>
  <button
    className="paginator__item paginator__item--active"
    disabled={false}
    id="paginator-1"
    onClick={[Function]}
    type="button"
  >
    1
  </button>
  <button
    className="paginator__item"
    disabled={false}
    id="paginator-2"
    onClick={[Function]}
    type="button"
  >
    2
  </button>
  <button
    className="paginator__item"
    disabled={false}
    id="paginator-3"
    onClick={[Function]}
    type="button"
  >
    3
  </button>
  <button
    className="paginator__item"
    disabled={false}
    id="paginator-next"
    onClick={[Function]}
    type="button"
  >
    Next
  </button>
</div>
`;
