// Jest Snapshot v1, https://goo.gl/fbAQLP

exports[`Home Component Render default 1`] = `
<div
  className="page"
>
  <header
    className="topbar"
  >
    <h1
      className="topbar__title"
    >
      Phone and Costs
    </h1>
    <div
      className="topbar__right"
    />
  </header>
  <main
    className="wrap"
  >
    <div
      className="numbers__list"
    >
      <div
        className="numbers__empty"
      >
        no numbers found
      </div>
    </div>
  </main>
  <div
    className="bottombar"
  />
</div>
`;

exports[`Home Component Render with props 1`] = `
<div
  className="page"
>
  <header
    className="topbar"
  >
    <h1
      className="topbar__title"
    >
      Phone and Costs
    </h1>
    <div
      className="topbar__right"
    >
      <div
        className="select-per-page"
      >
        <select
          id="per-page"
          onChange={[Function]}
          value={100}
        >
          <option
            value={10}
          >
            10
          </option>
          <option
            value={50}
          >
            50
          </option>
          <option
            value={100}
          >
            100
          </option>
          <option
            value={250}
          >
            250
          </option>
          <option
            value={500}
          >
            500
          </option>
        </select>
      </div>
    </div>
  </header>
  <main
    className="wrap"
  >
    <div
      className="numbers__list"
    >
      <div
        className="numbers__item"
      >
        <div
          className="numbers__number"
        >
          555000000
        </div>
        <div
          className="numbers__costs"
        >
          1
        </div>
      </div>
      <div
        className="numbers__item"
      >
        <div
          className="numbers__number"
        >
          555000001
        </div>
        <div
          className="numbers__costs"
        >
          2
        </div>
      </div>
    </div>
  </main>
  <div
    className="bottombar"
  >
    <div
      className="paginator"
    >
      <button
        className="paginator__item paginator__item--disabled"
        disabled={true}
        id="paginator-previous"
        onClick={[Function]}
        type="button"
      >
        Previous
      </button>
      <button
        className="paginator__item paginator__item--active"
        disabled={false}
        id="paginator-1"
        onClick={[Function]}
        type="button"
      >
        1
      </button>
      <button
        className="paginator__item"
        disabled={false}
        id="paginator-2"
        onClick={[Function]}
        type="button"
      >
        2
      </button>
      <button
        className="paginator__item"
        disabled={false}
        id="paginator-3"
        onClick={[Function]}
        type="button"
      >
        3
      </button>
      <button
        className="paginator__item"
        disabled={false}
        id="paginator-next"
        onClick={[Function]}
        type="button"
      >
        Next
      </button>
    </div>
  </div>
</div>
`;
