// Jest Snapshot v1, https://goo.gl/fbAQLP

exports[`SelectPerPage Component Render default 1`] = `null`;

exports[`SelectPerPage Component Render with props 1`] = `
<div
  className="select-per-page"
>
  <select
    id="per-page"
    onChange={[Function]}
    value={50}
  >
    <option
      value={10}
    >
      10
    </option>
    <option
      value={50}
    >
      50
    </option>
    <option
      value={100}
    >
      100
    </option>
    <option
      value={250}
    >
      250
    </option>
    <option
      value={500}
    >
      500
    </option>
  </select>
</div>
`;
